T = 0
LWD R0, ARG1                      
LWD R0, ARG2                      
NOP                               
NOP                               
NOP                               
NOP                               
NOP                               
NOP                               
SADD R0 ZERO ZERO                 
LWD R1, ARG0                      
SADD R0 ZERO ZERO                 
NOP                               
LWD R1, ARG2                      
SADD ROUT ZERO ZERO               
NOP                               
NOP                               
T = 1
NOP                               
NOP                               
NOP                               
NOP                               
NOP                               
JUMP 0 2                          
NOP                               
NOP                               
NOP                               
SADD R0 RCB ZERO                  
NOP                               
NOP                               
NOP                               
NOP                               
NOP                               
NOP                               
T = 2
NOP                               
NOP                               
NOP                               
NOP                               
NOP                               
NOP                               
NOP                               
NOP                               
NOP                               
NOP                               
NOP                               
NOP                               
NOP                               
NOP                               
SADD ROUT ZERO 16                 
NOP                               
T = 3
NOP                               
NOP                               
NOP                               
NOP                               
NOP                               
NOP                               
NOP                               
NOP                               
NOP                               
NOP                               
BGE R0 RCB 29                     
NOP                               
NOP                               
NOP                               
NOP                               
NOP                               
T = 4
NOP                               
NOP                               
NOP                               
NOP                               
SADD R0 ZERO ZERO                 
SADD R0 ZERO ZERO                 
NOP                               
NOP                               
NOP                               
NOP                               
NOP                               
NOP                               
SADD ROUT ZERO ZERO               
NOP                               
NOP                               
NOP                               
T = 5
NOP                               
NOP                               
NOP                               
NOP                               
NOP                               
NOP                               
NOP                               
NOP                               
NOP                               
NOP                               
NOP                               
NOP                               
NOP                               
NOP                               
NOP                               
SADD ROUT RCR ZERO                
T = 6
NOP                               
NOP                               
NOP                               
SADD R0 RCT ZERO                  
NOP                               
NOP                               
NOP                               
NOP                               
NOP                               
NOP                               
NOP                               
NOP                               
NOP                               
NOP                               
JUMP 0 7                          
NOP                               
T = 7
SADD ROUT ZERO 16                 
NOP                               
NOP                               
NOP                               
NOP                               
NOP                               
NOP                               
NOP                               
NOP                               
NOP                               
NOP                               
NOP                               
NOP                               
NOP                               
NOP                               
NOP                               
T = 8
NOP                               
NOP                               
NOP                               
BGE R0 RCR 28                     
NOP                               
NOP                               
NOP                               
NOP                               
NOP                               
NOP                               
NOP                               
NOP                               
NOP                               
NOP                               
NOP                               
NOP                               
T = 9
NOP                               
NOP                               
NOP                               
SADD ROUT R0 ZERO                 
NOP                               
NOP                               
NOP                               
NOP                               
NOP                               
SADD ROUT ZERO -1                 
SMUL ROUT R0 16                   
NOP                               
NOP                               
SADD ROUT ZERO ZERO               
SADD R1 ZERO ZERO                 
NOP                               
T = 10
NOP                               
NOP                               
NOP                               
NOP                               
NOP                               
NOP                               
SADD ROUT RCB ZERO                
NOP                               
NOP                               
NOP                               
NOP                               
NOP                               
NOP                               
NOP                               
SADD R0 ZERO 16                   
NOP                               
T = 11
NOP                               
NOP                               
NOP                               
NOP                               
NOP                               
NOP                               
NOP                               
SADD ROUT RCL RCT                 
NOP                               
NOP                               
NOP                               
NOP                               
NOP                               
NOP                               
NOP                               
NOP                               
T = 12
NOP                               
NOP                               
NOP                               
SLL ROUT RCB 2                    
NOP                               
NOP                               
NOP                               
NOP                               
NOP                               
NOP                               
NOP                               
NOP                               
SADD ROUT R1 ZERO                 
NOP                               
NOP                               
NOP                               
T = 13
SADD ROUT RCT RCL                 
NOP                               
NOP                               
NOP                               
NOP                               
NOP                               
NOP                               
NOP                               
NOP                               
NOP                               
NOP                               
NOP                               
NOP                               
NOP                               
NOP                               
NOP                               
T = 14
NOP                               
NOP                               
NOP                               
NOP                               
NOP                               
NOP                               
NOP                               
NOP                               
NOP                               
NOP                               
NOP                               
NOP                               
SWI RCR RCB                       
BEQ RCT ZERO 27                   
NOP                               
NOP                               
T = 15
NOP                               
NOP                               
NOP                               
NOP                               
NOP                               
NOP                               
NOP                               
NOP                               
NOP                               
NOP                               
SMUL ROUT R0 16                   
NOP                               
NOP                               
NOP                               
SADD ROUT R1 ZERO                 
NOP                               
T = 16
NOP                               
NOP                               
SMUL ROUT RCT 16                  
NOP                               
NOP                               
NOP                               
NOP                               
NOP                               
SMUL ROUT R0 16                   
SMUL ROUT R0 16                   
SADD ROUT ROUT RCB                
NOP                               
NOP                               
NOP                               
NOP                               
NOP                               
T = 17
NOP                               
NOP                               
NOP                               
SADD ROUT RCL R0                  
SADD ROUT RCB R0                  
SADD ROUT RCB R0                  
NOP                               
NOP                               
NOP                               
NOP                               
SLL ROUT ROUT 2                   
NOP                               
NOP                               
NOP                               
NOP                               
SADD ROUT RCL 1                   
T = 18
SLL ROUT RCB 2                    
NOP                               
NOP                               
SLL ROUT ROUT 2                   
NOP                               
NOP                               
NOP                               
NOP                               
NOP                               
SADD R2 R1 RCR                    
SMUL ROUT R0 16                   
NOP                               
NOP                               
NOP                               
SADD ROUT RCR ZERO                
NOP                               
T = 19
SADD ROUT R0 RCL                  
NOP                               
SMUL ROUT RCT 16                  
NOP                               
NOP                               
NOP                               
NOP                               
NOP                               
SMUL ROUT R0 16                   
SMUL ROUT R0 16                   
SADD ROUT ROUT RCB                
NOP                               
SADD R0 R1 RCB                    
NOP                               
NOP                               
NOP                               
T = 20
NOP                               
SLL ROUT RCB 2                    
NOP                               
SADD ROUT RCL R0                  
SADD ROUT RCB R0                  
SADD ROUT RCB R0                  
NOP                               
NOP                               
NOP                               
LWI ROUT R2                       
SLL ROUT ROUT 2                   
NOP                               
LWI ROUT RCB                      
NOP                               
BGE RCR R0 24                     
SADD ROUT RCL 1                   
T = 21
SLL ROUT RCB 2                    
SADD ROUT R0 ROUT                 
NOP                               
SLL ROUT ROUT 2                   
NOP                               
NOP                               
NOP                               
NOP                               
NOP                               
SADD R2 R1 RCR                    
SMUL ROUT R0 16                   
NOP                               
LWI ROUT R0                       
SMUL ROUT RCT RCL                 
SADD ROUT RCR ZERO                
NOP                               
T = 22
SADD ROUT R0 RCL                  
NOP                               
SMUL ROUT RCT 16                  
NOP                               
NOP                               
NOP                               
NOP                               
NOP                               
SMUL ROUT R0 16                   
SMUL ROUT R0 16                   
SADD ROUT ROUT RCB                
NOP                               
SADD R0 R1 RCB                    
SADD ROUT RCL ROUT                
NOP                               
NOP                               
T = 23
NOP                               
SLL ROUT RCB 2                    
NOP                               
SADD ROUT RCL R0                  
SADD ROUT RCB R0                  
SADD ROUT RCB R0                  
NOP                               
NOP                               
NOP                               
LWI ROUT R2                       
SLL ROUT ROUT 2                   
NOP                               
LWI ROUT RCB                      
SWI ROUT RCB                      
BLT RCR R0 21                     
SADD ROUT RCL 1                   
T = 24
NOP                               
SADD ROUT R0 ROUT                 
NOP                               
NOP                               
NOP                               
NOP                               
NOP                               
NOP                               
NOP                               
NOP                               
NOP                               
NOP                               
LWI ROUT R0                       
SMUL R0 RCT RCL                   
NOP                               
NOP                               
T = 25
NOP                               
NOP                               
NOP                               
NOP                               
NOP                               
NOP                               
NOP                               
NOP                               
NOP                               
NOP                               
NOP                               
NOP                               
NOP                               
SADD R0 RCL R0                    
NOP                               
NOP                               
T = 26
NOP                               
NOP                               
NOP                               
NOP                               
NOP                               
NOP                               
NOP                               
NOP                               
NOP                               
NOP                               
NOP                               
NOP                               
NOP                               
SWI R0 RCB                        
JUMP 0 27                         
NOP                               
T = 27
NOP                               
NOP                               
NOP                               
SADD R0 R0 1                      
SADD R0 R0 1                      
SADD R0 R0 1                      
NOP                               
JUMP 0 7                          
NOP                               
NOP                               
NOP                               
NOP                               
NOP                               
NOP                               
NOP                               
NOP                               
T = 28
NOP                               
NOP                               
NOP                               
NOP                               
NOP                               
NOP                               
NOP                               
NOP                               
SADD R0 R0 1                      
SADD R0 R0 1                      
SADD R0 R0 1                      
NOP                               
NOP                               
NOP                               
NOP                               
JUMP 0 2                          
T = 29
NOP                               
NOP                               
NOP                               
NOP                               
NOP                               
NOP                               
NOP                               
NOP                               
NOP                               
EXIT                              
NOP                               
NOP                               
NOP                               
NOP                               
NOP                               
NOP                               
