T = 0
LWD R0, ARG0                      
SADD R0 ZERO ZERO                 
LWD R0, ARG1                      
NOP                               
NOP                               
NOP                               
NOP                               
NOP                               
LWD R0, ARG2                      
NOP                               
NOP                               
NOP                               
SADD R0 ZERO ZERO                 
NOP                               
NOP                               
JUMP 0 1                          
T = 1
NOP                               
NOP                               
NOP                               
NOP                               
NOP                               
NOP                               
NOP                               
NOP                               
NOP                               
NOP                               
NOP                               
NOP                               
SADD R1 ZERO 128                  
NOP                               
NOP                               
NOP                               
T = 2
NOP                               
NOP                               
NOP                               
NOP                               
NOP                               
NOP                               
NOP                               
NOP                               
NOP                               
NOP                               
NOP                               
NOP                               
BGE R0 R1 19                      
NOP                               
NOP                               
NOP                               
T = 3
NOP                               
NOP                               
NOP                               
SADD R0 ZERO ZERO                 
SADD R0 ZERO 128                  
NOP                               
NOP                               
NOP                               
NOP                               
SADD R0 ZERO -1                   
NOP                               
NOP                               
SLL ROUT R0 2                     
NOP                               
SADD ROUT ZERO ZERO               
NOP                               
T = 4
NOP                               
NOP                               
NOP                               
NOP                               
NOP                               
NOP                               
NOP                               
NOP                               
SADD ROUT R0 RCB                  
NOP                               
NOP                               
NOP                               
NOP                               
SADD ROUT RCR ZERO                
NOP                               
NOP                               
T = 5
NOP                               
NOP                               
NOP                               
NOP                               
NOP                               
NOP                               
NOP                               
NOP                               
NOP                               
BEQ R0 ZERO 17                    
NOP                               
NOP                               
SWI RCR RCT                       
NOP                               
NOP                               
NOP                               
T = 6
NOP                               
SMUL ROUT R0 128                  
NOP                               
SADD ROUT R0 ZERO                 
NOP                               
NOP                               
NOP                               
NOP                               
NOP                               
NOP                               
NOP                               
NOP                               
NOP                               
NOP                               
NOP                               
NOP                               
T = 7
SADD ROUT RCR RCL                 
NOP                               
SLL ROUT RCR 2                    
NOP                               
NOP                               
NOP                               
NOP                               
NOP                               
NOP                               
NOP                               
NOP                               
NOP                               
NOP                               
NOP                               
NOP                               
NOP                               
T = 8
NOP                               
SLL ROUT RCL 2                    
SADD ROUT R0 ROUT                 
NOP                               
NOP                               
NOP                               
NOP                               
SADD ROUT RCT 1                   
NOP                               
NOP                               
NOP                               
NOP                               
NOP                               
NOP                               
NOP                               
NOP                               
T = 9
SADD ROUT R0 RCR                  
SMUL ROUT R0 128                  
NOP                               
SADD ROUT RCB ZERO                
NOP                               
NOP                               
NOP                               
NOP                               
NOP                               
NOP                               
NOP                               
NOP                               
SLL ROUT R0 2                     
NOP                               
NOP                               
NOP                               
T = 10
SADD ROUT RCR RCL                 
NOP                               
SLL ROUT RCR 2                    
NOP                               
NOP                               
NOP                               
NOP                               
NOP                               
SADD ROUT R0 RCB                  
NOP                               
NOP                               
NOP                               
LWI ROUT RCB                      
NOP                               
LWI ROUT RCB                      
NOP                               
T = 11
NOP                               
SLL ROUT RCL 2                    
SADD ROUT R0 ROUT                 
NOP                               
BGE RCL R0 15                     
NOP                               
NOP                               
SADD ROUT RCT 1                   
NOP                               
LWI ROUT RCL                      
NOP                               
NOP                               
NOP                               
SMUL ROUT RCL RCR                 
NOP                               
NOP                               
T = 12
SADD ROUT R0 RCR                  
SMUL ROUT R0 128                  
NOP                               
SADD ROUT RCB ZERO                
NOP                               
NOP                               
NOP                               
NOP                               
NOP                               
NOP                               
NOP                               
NOP                               
SLL ROUT R0 2                     
SADD ROUT RCT ROUT                
NOP                               
NOP                               
T = 13
SADD ROUT RCR RCL                 
NOP                               
SLL ROUT RCR 2                    
NOP                               
NOP                               
NOP                               
NOP                               
NOP                               
SADD ROUT R0 RCB                  
SWI RCB RCL                       
NOP                               
NOP                               
LWI ROUT RCB                      
NOP                               
LWI ROUT RCB                      
NOP                               
T = 14
NOP                               
SLL ROUT RCL 2                    
SADD ROUT R0 ROUT                 
NOP                               
BLT RCL R0 12                     
NOP                               
NOP                               
SADD ROUT RCT 1                   
NOP                               
LWI ROUT RCL                      
NOP                               
NOP                               
NOP                               
SMUL ROUT RCL RCR                 
NOP                               
NOP                               
T = 15
NOP                               
NOP                               
NOP                               
NOP                               
NOP                               
NOP                               
NOP                               
NOP                               
NOP                               
NOP                               
NOP                               
NOP                               
NOP                               
SADD ROUT RCT ROUT                
NOP                               
NOP                               
T = 16
NOP                               
NOP                               
NOP                               
NOP                               
JUMP 0 17                         
NOP                               
NOP                               
NOP                               
NOP                               
SWI RCB RCL                       
NOP                               
NOP                               
NOP                               
NOP                               
NOP                               
NOP                               
T = 17
NOP                               
SADD R0 R0 1                      
NOP                               
NOP                               
NOP                               
NOP                               
NOP                               
NOP                               
NOP                               
NOP                               
NOP                               
NOP                               
SADD R0 R0 1                      
NOP                               
NOP                               
NOP                               
T = 18
JUMP 0 1                          
SADD R0 R0 ZERO                   
NOP                               
NOP                               
NOP                               
NOP                               
NOP                               
NOP                               
NOP                               
NOP                               
NOP                               
NOP                               
NOP                               
NOP                               
NOP                               
NOP                               
T = 19
NOP                               
NOP                               
NOP                               
NOP                               
NOP                               
NOP                               
NOP                               
NOP                               
NOP                               
NOP                               
NOP                               
NOP                               
NOP                               
EXIT                              
NOP                               
NOP                               
